// Jest Snapshot v1, https://goo.gl/fbAQLP

exports[`TaskCard should match the snapshot 1`] = `
ShallowWrapper {
  "length": 1,
  Symbol(enzyme.__root__): [Circular],
  Symbol(enzyme.__unrendered__): <Courses />,
  Symbol(enzyme.__renderer__): Object {
    "batchedUpdates": [Function],
    "getNode": [Function],
    "render": [Function],
    "simulateEvent": [Function],
    "unmount": [Function],
  },
  Symbol(enzyme.__node__): Object {
    "instance": null,
    "key": undefined,
    "nodeType": "host",
    "props": Object {
      "children": Array [
        <button
          className="new_course_button"
          onClick={[Function]}
>
          New Course +
</button>,
        <section
          className="course_cards"
>
          <img
                    height="200"
                    src="/loading1.gif"
                    width="200"
          />
</section>,
      ],
      "className": "courses_container",
    },
    "ref": null,
    "rendered": Array [
      Object {
        "instance": null,
        "key": undefined,
        "nodeType": "host",
        "props": Object {
          "children": "New Course +",
          "className": "new_course_button",
          "onClick": [Function],
        },
        "ref": null,
        "rendered": "New Course +",
        "type": "button",
      },
      Object {
        "instance": null,
        "key": undefined,
        "nodeType": "host",
        "props": Object {
          "children": <img
            height="200"
            src="/loading1.gif"
            width="200"
/>,
          "className": "course_cards",
        },
        "ref": null,
        "rendered": Object {
          "instance": null,
          "key": undefined,
          "nodeType": "host",
          "props": Object {
            "height": "200",
            "src": "/loading1.gif",
            "width": "200",
          },
          "ref": null,
          "rendered": null,
          "type": "img",
        },
        "type": "section",
      },
    ],
    "type": "div",
  },
  Symbol(enzyme.__nodes__): Array [
    Object {
      "instance": null,
      "key": undefined,
      "nodeType": "host",
      "props": Object {
        "children": Array [
          <button
            className="new_course_button"
            onClick={[Function]}
>
            New Course +
</button>,
          <section
            className="course_cards"
>
            <img
                        height="200"
                        src="/loading1.gif"
                        width="200"
            />
</section>,
        ],
        "className": "courses_container",
      },
      "ref": null,
      "rendered": Array [
        Object {
          "instance": null,
          "key": undefined,
          "nodeType": "host",
          "props": Object {
            "children": "New Course +",
            "className": "new_course_button",
            "onClick": [Function],
          },
          "ref": null,
          "rendered": "New Course +",
          "type": "button",
        },
        Object {
          "instance": null,
          "key": undefined,
          "nodeType": "host",
          "props": Object {
            "children": <img
              height="200"
              src="/loading1.gif"
              width="200"
/>,
            "className": "course_cards",
          },
          "ref": null,
          "rendered": Object {
            "instance": null,
            "key": undefined,
            "nodeType": "host",
            "props": Object {
              "height": "200",
              "src": "/loading1.gif",
              "width": "200",
            },
            "ref": null,
            "rendered": null,
            "type": "img",
          },
          "type": "section",
        },
      ],
      "type": "div",
    },
  ],
  Symbol(enzyme.__options__): Object {
    "adapter": ReactSixteenAdapter {
      "options": Object {
        "enableComponentDidUpdateOnSetState": true,
      },
    },
    "disableLifecycleMethods": true,
  },
}
`;
