// Jest Snapshot v1, https://goo.gl/fbAQLP

exports[`TaskCard should match the snapshot 1`] = `
ShallowWrapper {
  "length": 1,
  Symbol(enzyme.__root__): [Circular],
  Symbol(enzyme.__unrendered__): <Courses />,
  Symbol(enzyme.__renderer__): Object {
    "batchedUpdates": [Function],
    "getNode": [Function],
    "render": [Function],
    "simulateEvent": [Function],
    "unmount": [Function],
  },
  Symbol(enzyme.__node__): Object {
    "instance": null,
    "key": undefined,
    "nodeType": "host",
    "props": Object {
      "children": Array [
        <Connect(CourseCard)
          description="Lorem ipsum dolor sit amet, consectetur adipiscing elit. Praesent viverra nibh lacinia, sodales ipsum id, efficitur quam. Cras et felis tincidunt, ornare erat in, accumsan erat. Nulla facilisi."
          id={1}
          name="Java"
/>,
        <Connect(CourseCard)
          description="Lorem ipsum variable semicolon, consectetur adipiscing elit.Praesent viverra nibh lacinia, sodales ipsum id, tincidunt, ornare erat in, accumsan erat."
          id={2}
          name="Javascript"
/>,
        <Connect(CourseCard)
          description="elit. Praesent viverra nibh lacinia, sodales ipsum id, efficitur quam. Cras et felis tincidunt, ornare erat in, accumsan erat. Nulla facilisi.  "
          id={3}
          name="Python"
/>,
      ],
      "className": "courses_container",
    },
    "ref": null,
    "rendered": Array [
      Object {
        "instance": null,
        "key": "course1",
        "nodeType": "class",
        "props": Object {
          "description": "Lorem ipsum dolor sit amet, consectetur adipiscing elit. Praesent viverra nibh lacinia, sodales ipsum id, efficitur quam. Cras et felis tincidunt, ornare erat in, accumsan erat. Nulla facilisi.",
          "id": 1,
          "name": "Java",
        },
        "ref": null,
        "rendered": null,
        "type": [Function],
      },
      Object {
        "instance": null,
        "key": "course2",
        "nodeType": "class",
        "props": Object {
          "description": "Lorem ipsum variable semicolon, consectetur adipiscing elit.Praesent viverra nibh lacinia, sodales ipsum id, tincidunt, ornare erat in, accumsan erat.",
          "id": 2,
          "name": "Javascript",
        },
        "ref": null,
        "rendered": null,
        "type": [Function],
      },
      Object {
        "instance": null,
        "key": "course3",
        "nodeType": "class",
        "props": Object {
          "description": "elit. Praesent viverra nibh lacinia, sodales ipsum id, efficitur quam. Cras et felis tincidunt, ornare erat in, accumsan erat. Nulla facilisi.  ",
          "id": 3,
          "name": "Python",
        },
        "ref": null,
        "rendered": null,
        "type": [Function],
      },
    ],
    "type": "div",
  },
  Symbol(enzyme.__nodes__): Array [
    Object {
      "instance": null,
      "key": undefined,
      "nodeType": "host",
      "props": Object {
        "children": Array [
          <Connect(CourseCard)
            description="Lorem ipsum dolor sit amet, consectetur adipiscing elit. Praesent viverra nibh lacinia, sodales ipsum id, efficitur quam. Cras et felis tincidunt, ornare erat in, accumsan erat. Nulla facilisi."
            id={1}
            name="Java"
/>,
          <Connect(CourseCard)
            description="Lorem ipsum variable semicolon, consectetur adipiscing elit.Praesent viverra nibh lacinia, sodales ipsum id, tincidunt, ornare erat in, accumsan erat."
            id={2}
            name="Javascript"
/>,
          <Connect(CourseCard)
            description="elit. Praesent viverra nibh lacinia, sodales ipsum id, efficitur quam. Cras et felis tincidunt, ornare erat in, accumsan erat. Nulla facilisi.  "
            id={3}
            name="Python"
/>,
        ],
        "className": "courses_container",
      },
      "ref": null,
      "rendered": Array [
        Object {
          "instance": null,
          "key": "course1",
          "nodeType": "class",
          "props": Object {
            "description": "Lorem ipsum dolor sit amet, consectetur adipiscing elit. Praesent viverra nibh lacinia, sodales ipsum id, efficitur quam. Cras et felis tincidunt, ornare erat in, accumsan erat. Nulla facilisi.",
            "id": 1,
            "name": "Java",
          },
          "ref": null,
          "rendered": null,
          "type": [Function],
        },
        Object {
          "instance": null,
          "key": "course2",
          "nodeType": "class",
          "props": Object {
            "description": "Lorem ipsum variable semicolon, consectetur adipiscing elit.Praesent viverra nibh lacinia, sodales ipsum id, tincidunt, ornare erat in, accumsan erat.",
            "id": 2,
            "name": "Javascript",
          },
          "ref": null,
          "rendered": null,
          "type": [Function],
        },
        Object {
          "instance": null,
          "key": "course3",
          "nodeType": "class",
          "props": Object {
            "description": "elit. Praesent viverra nibh lacinia, sodales ipsum id, efficitur quam. Cras et felis tincidunt, ornare erat in, accumsan erat. Nulla facilisi.  ",
            "id": 3,
            "name": "Python",
          },
          "ref": null,
          "rendered": null,
          "type": [Function],
        },
      ],
      "type": "div",
    },
  ],
  Symbol(enzyme.__options__): Object {
    "adapter": ReactSixteenAdapter {
      "options": Object {
        "enableComponentDidUpdateOnSetState": true,
      },
    },
  },
}
`;
